// Jest Snapshot v1, https://goo.gl/fbAQLP

exports[`Favorites renders correctly 1`] = `
<RCTScrollView>
  <View>
    <Text>
      Favoriten
    </Text>
    <View>
      <Text>
        Your saved bikes live here.
      </Text>
      <Text>
        Once you start saving bikes you like, they will appear here.
      </Text>
      <View
        accessibilityRole="button"
        accessibilityState={
          {
            "busy": undefined,
            "checked": undefined,
            "disabled": undefined,
            "expanded": undefined,
            "selected": undefined,
          }
        }
        accessibilityValue={
          {
            "max": undefined,
            "min": undefined,
            "now": undefined,
            "text": undefined,
          }
        }
        accessible={true}
        focusable={true}
        nativeBackgroundAndroid={
          {
            "attribute": "selectableItemBackground",
            "rippleRadius": undefined,
            "type": "ThemeAttrAndroid",
          }
        }
        onClick={[Function]}
        onResponderGrant={[Function]}
        onResponderMove={[Function]}
        onResponderRelease={[Function]}
        onResponderTerminate={[Function]}
        onResponderTerminationRequest={[Function]}
        onStartShouldSetResponder={[Function]}
        style={
          [
            {
              "backgroundColor": "#2196F3",
              "borderRadius": 2,
              "elevation": 4,
            },
          ]
        }
      >
        <Text
          style={
            [
              {
                "color": "white",
                "fontWeight": "500",
                "margin": 8,
                "textAlign": "center",
              },
            ]
          }
        >
          DISCOVER BIKES
        </Text>
      </View>
    </View>
  </View>
</RCTScrollView>
`;
